# This is twsearch v0.0.0 (C) 2022 Tomas Rokicki.
# ./build/bin/twsearch_current --jit --jit-style 1 --nowrite -M 4000 -s samples/symm/3x3x3_cornersfirst.tws
Requiring 91 bits 12 bytes per entry; 12 from identity.
Rotation group size is 24
Compiling JIT . . . 24 rotations, 0.7s.
State size is about 8.7 x 10^19.0 log2 66.2
Found 7 canonical move states.
Calculated canonical states in 0.7
For memsize 4194304000 sh1 7 mul 125 sh2 30 shardshift 28
Trying to allocate 4194304064
Initializing memory in 0.0
Filling depth 0 val 0 saw 1 (1) in 0.0 rate 0.0
Filling depth 1 val 0 saw 3 (18) in 0.0 rate 0.2
Filling depth 2 val 0 saw 15 (243) in 0.0 rate 2.9
Filling depth 3 val 0 saw 144 (3240) in 0.0 rate 5.4
Solving
Filling depth 4 val 0 saw 1845 (7938) in 0.0 rate 5.9
Filling depth 5 val 0 saw 24090 (36774) in 0.0 rate 4.7
Filling depth 6 val 0 saw 318026 (346032) in 0.1 rate 4.4
Filling depth 7 val 0 saw 4201784 (4405104) in 0.0 rate 98.6
Filling depth 8 val 1 saw 55414488 (58801140) in 0.5 rate 109.5
Depth 15 in 1.3 probes 111616998 nodes 111216554 rate 84.0
Depth 16 in 20.7 probes 1489878070 nodes 1484533659 rate 71.6
Filling depth 9 val 2 saw 714722314 (784905552) in 9.5 rate 82.9
Depth 17 in 23.5 probes 1567438124 nodes 1498293842 rate 63.7
Demoting memory values in 0.1
Filling depth 10 val 2 saw 6996843016 (10477287144) in 134.5 rate 77.9
